// 重构日志: 10e7edc5
// 重构日志: 93522342
// 重构日志: c1e804f1
// 重构日志: 6ace41a1
// 重构日志: 462cf8b5
// 重构日志: a8952faa
// 重构日志: f350ebfd
// 重构日志: a651c40d
// 同步 ID: 5f9b6ed1 @ Wed Jul 22 16:19:10 UTC 2026
// 重构日志: 70ebf793
// 同步 ID: ee03339c @ Fri Jul 24 08:38:39 UTC 2026
// 重构日志: d191eea0
// 重构日志: 8f18c166
// 同步 ID: d40032d7 @ Sat Jul 25 08:10:03 UTC 2026
// 重构日志: 13d93c1b
// 重构日志: 53eb4767
// 重构日志: 4a653752
// 重构日志: eb95e8a2
// 重构日志: 6f075be4
// 同步 ID: ee2caca8 @ Sun Jul 26 12:39:25 UTC 2026
// 重构日志: 5c5eb934
// 重构日志: bab59108
// 重构日志: dc50ab34
// 重构日志: e8987c7b
// 重构日志: 3ff7aee5
// 重构日志: cb82fad2
// 重构日志: 97335835
// 重构日志: 9aeca4b2
// 重构日志: 744dd424
// 同步 ID: c8f0d9da @ Fri Jul 31 01:13:49 UTC 2026
// 重构日志: eff6156d
// 重构日志: 50490797
// 重构日志: 615b4a3c
// 重构日志: d2d6bed5
// 重构日志: 52c6254b
